===== USER =====
encontre e conserte o bug baseado no teste que está falhando em test_inventory.py

----- Iteracao 1 | THOUGHT -----
tool: list_files({"path": "."})

----- Iteracao 1 | ACTION -----
tool: list_files({"path": "."})

----- Iteracao 1 | OBSERVATION -----
tool_result({"path": "/home/eliane/atividade-anatomia-agentes", "files": [{"filename": ".git", "type": "dir"}, {"filename": "ANALISE.md", "type": "file"}, {"filename": ".env", "type": "file"}, {"filename": "trace.log", "type": "file"}, {"filename": "README.md", "type": "file"}, {"filename": "__pycache__", "type": "dir"}, {"filename": "test_inventory.py", "type": "file"}, {"filename": ".venv", "type": "dir"}, {"filename": "inventory.py", "type": "file"}, {"filename": "requirements.txt", "type": "file"}, {"filename": "agent.py", "type": "file"}, {"filename": ".gitignore", "type": "file"}]})

----- Iteracao 2 | THOUGHT -----
tool: read_file({"filename": "test_inventory.py"})

----- Iteracao 2 | ACTION -----
tool: read_file({"filename": "test_inventory.py"})

----- Iteracao 2 | OBSERVATION -----
tool_result({"file_path": "/home/eliane/atividade-anatomia-agentes/test_inventory.py", "content": "from inventory import apply_discount\n\n\ndef test_apply_discount():\n    assert apply_discount(200, 10) == 180\n"})

----- Iteracao 3 | THOUGHT -----
tool: read_file({"filename": "/home/eliane/atividade-anatomia-agentes/inventory.py"})

----- Iteracao 3 | ACTION -----
tool: read_file({"filename": "/home/eliane/atividade-anatomia-agentes/inventory.py"})

----- Iteracao 3 | OBSERVATION -----
tool_result({"file_path": "/home/eliane/atividade-anatomia-agentes/inventory.py", "content": "def apply_discount(price, percent):\n    \"\"\"Aplica um desconto percentual ao pre\u00e7o.\"\"\"\n    return price - percent\n"})

----- Iteracao 4 | THOUGHT -----
O bug está em `inventory.py`. A função `apply_discount` está subtraindo o valor do desconto diretamente do preço (`price - percent`), em vez de calcular o desconto percentual corretamente.

**Correção:**

tool: edit_file({"path": "/home/eliane/atividade-anatomia-agentes/inventory.py", "old_str": "    return price - percent", "new_str": "    return price - (price * percent / 100)"})

O problema:

- **Antes (errado):** `price - percent` → `200 - 10 = 190` ❌
- **Depois (correto):** `price - (price * percent / 100)` → `200 - (200 * 10 / 100) = 200 - 20 = 180` ✅

A função agora calcula o desconto como uma porcentagem do preço, que é o comportamento esperado (e o que o teste verifica).

----- Iteracao 4 | ACTION -----
tool: edit_file({"path": "/home/eliane/atividade-anatomia-agentes/inventory.py", "old_str": "    return price - percent", "new_str": "    return price - (price * percent / 100)"})

----- Iteracao 4 | OBSERVATION -----
tool_result({"path": "/home/eliane/atividade-anatomia-agentes/inventory.py", "action": "edited"})

----- Iteracao 5 | THOUGHT -----
O bug estava em `inventory.py`. A função `apply_discount` estava subtraindo o valor da porcentagem diretamente do preço, em vez de calcular o valor do desconto.

**Antes (errado):**
```python
return price - percent  # ex: 200 - 10 = 190
```

**Depois (corrigido):**
```python
return price - (price * percent / 100)  # ex: 200 - (200 * 10 / 100) = 200 - 20 = 180
```

Agora `apply_discount(200, 10)` retorna `180`, como o teste espera. ✅

----- Iteracao 5 | RESPOSTA FINAL (loop encerra) -----
O bug estava em `inventory.py`. A função `apply_discount` estava subtraindo o valor da porcentagem diretamente do preço, em vez de calcular o valor do desconto.

**Antes (errado):**
```python
return price - percent  # ex: 200 - 10 = 190
```

**Depois (corrigido):**
```python
return price - (price * percent / 100)  # ex: 200 - (200 * 10 / 100) = 200 - 20 = 180
```

Agora `apply_discount(200, 10)` retorna `180`, como o teste espera. ✅

